============================= test session starts =============================
platform win32 -- Python 3.11.9, pytest-8.3.5, pluggy-1.6.0 -- C:\Users\paolo\AppData\Local\Microsoft\WindowsApps\PythonSoftwareFoundation.Python.3.11_qbz5n2kfra8p0\python.exe
cachedir: .pytest_cache
rootdir: C:\Users\paolo\Desktop\cubo
configfile: pytest.ini
plugins: anyio-4.10.0, langsmith-0.3.45, asyncio-1.2.0, cov-7.0.0, mock-3.14.1
asyncio: mode=Mode.AUTO, debug=False, asyncio_default_fixture_loop_scope=function, asyncio_default_test_loop_scope=function
collecting ... collected 19 items / 4 errors / 1 skipped

=================================== ERRORS ====================================
____________ ERROR collecting tests/performance/test_ir_metrics.py ____________
ImportError while importing test module 'C:\Users\paolo\Desktop\cubo\tests\performance\test_ir_metrics.py'.
Hint: make sure your test modules/packages have valid Python names.
Traceback:
..\..\AppData\Local\Packages\PythonSoftwareFoundation.Python.3.11_qbz5n2kfra8p0\LocalCache\local-packages\Python311\site-packages\_pytest\python.py:493: in importtestmodule
    mod = import_path(
..\..\AppData\Local\Packages\PythonSoftwareFoundation.Python.3.11_qbz5n2kfra8p0\LocalCache\local-packages\Python311\site-packages\_pytest\pathlib.py:587: in import_path
    importlib.import_module(module_name)
C:\Program Files\WindowsApps\PythonSoftwareFoundation.Python.3.11_3.11.2544.0_x64__qbz5n2kfra8p0\Lib\importlib\__init__.py:126: in import_module
    return _bootstrap._gcd_import(name[level:], package, level)
<frozen importlib._bootstrap>:1204: in _gcd_import
    ???
<frozen importlib._bootstrap>:1176: in _find_and_load
    ???
<frozen importlib._bootstrap>:1147: in _find_and_load_unlocked
    ???
<frozen importlib._bootstrap>:690: in _load_unlocked
    ???
..\..\AppData\Local\Packages\PythonSoftwareFoundation.Python.3.11_qbz5n2kfra8p0\LocalCache\local-packages\Python311\site-packages\_pytest\assertion\rewrite.py:185: in exec_module
    exec(co, module.__dict__)
tests\performance\test_ir_metrics.py:7: in <module>
    from src.cubo.evaluation.metrics import IRMetricsEvaluator
E   ModuleNotFoundError: No module named 'src.cubo.evaluation.metrics'
____________ ERROR collecting tests/performance/test_perf_utils.py ____________
ImportError while importing test module 'C:\Users\paolo\Desktop\cubo\tests\performance\test_perf_utils.py'.
Hint: make sure your test modules/packages have valid Python names.
Traceback:
..\..\AppData\Local\Packages\PythonSoftwareFoundation.Python.3.11_qbz5n2kfra8p0\LocalCache\local-packages\Python311\site-packages\_pytest\python.py:493: in importtestmodule
    mod = import_path(
..\..\AppData\Local\Packages\PythonSoftwareFoundation.Python.3.11_qbz5n2kfra8p0\LocalCache\local-packages\Python311\site-packages\_pytest\pathlib.py:587: in import_path
    importlib.import_module(module_name)
C:\Program Files\WindowsApps\PythonSoftwareFoundation.Python.3.11_3.11.2544.0_x64__qbz5n2kfra8p0\Lib\importlib\__init__.py:126: in import_module
    return _bootstrap._gcd_import(name[level:], package, level)
<frozen importlib._bootstrap>:1204: in _gcd_import
    ???
<frozen importlib._bootstrap>:1176: in _find_and_load
    ???
<frozen importlib._bootstrap>:1147: in _find_and_load_unlocked
    ???
<frozen importlib._bootstrap>:690: in _load_unlocked
    ???
..\..\AppData\Local\Packages\PythonSoftwareFoundation.Python.3.11_qbz5n2kfra8p0\LocalCache\local-packages\Python311\site-packages\_pytest\assertion\rewrite.py:185: in exec_module
    exec(co, module.__dict__)
tests\performance\test_perf_utils.py:9: in <module>
    from src.cubo.evaluation.perf_utils import (
E   ModuleNotFoundError: No module named 'src.cubo.evaluation.perf_utils'
_________ ERROR collecting tests/performance/unit/test_ir_metrics.py __________
ImportError while importing test module 'C:\Users\paolo\Desktop\cubo\tests\performance\unit\test_ir_metrics.py'.
Hint: make sure your test modules/packages have valid Python names.
Traceback:
..\..\AppData\Local\Packages\PythonSoftwareFoundation.Python.3.11_qbz5n2kfra8p0\LocalCache\local-packages\Python311\site-packages\_pytest\python.py:493: in importtestmodule
    mod = import_path(
..\..\AppData\Local\Packages\PythonSoftwareFoundation.Python.3.11_qbz5n2kfra8p0\LocalCache\local-packages\Python311\site-packages\_pytest\pathlib.py:587: in import_path
    importlib.import_module(module_name)
C:\Program Files\WindowsApps\PythonSoftwareFoundation.Python.3.11_3.11.2544.0_x64__qbz5n2kfra8p0\Lib\importlib\__init__.py:126: in import_module
    return _bootstrap._gcd_import(name[level:], package, level)
<frozen importlib._bootstrap>:1204: in _gcd_import
    ???
<frozen importlib._bootstrap>:1176: in _find_and_load
    ???
<frozen importlib._bootstrap>:1147: in _find_and_load_unlocked
    ???
<frozen importlib._bootstrap>:690: in _load_unlocked
    ???
..\..\AppData\Local\Packages\PythonSoftwareFoundation.Python.3.11_qbz5n2kfra8p0\LocalCache\local-packages\Python311\site-packages\_pytest\assertion\rewrite.py:185: in exec_module
    exec(co, module.__dict__)
tests\performance\unit\test_ir_metrics.py:6: in <module>
    from src.cubo.evaluation.metrics import IRMetricsEvaluator
E   ModuleNotFoundError: No module named 'src.cubo.evaluation.metrics'
_________ ERROR collecting tests/performance/unit/test_perf_utils.py __________
ImportError while importing test module 'C:\Users\paolo\Desktop\cubo\tests\performance\unit\test_perf_utils.py'.
Hint: make sure your test modules/packages have valid Python names.
Traceback:
..\..\AppData\Local\Packages\PythonSoftwareFoundation.Python.3.11_qbz5n2kfra8p0\LocalCache\local-packages\Python311\site-packages\_pytest\python.py:493: in importtestmodule
    mod = import_path(
..\..\AppData\Local\Packages\PythonSoftwareFoundation.Python.3.11_qbz5n2kfra8p0\LocalCache\local-packages\Python311\site-packages\_pytest\pathlib.py:587: in import_path
    importlib.import_module(module_name)
C:\Program Files\WindowsApps\PythonSoftwareFoundation.Python.3.11_3.11.2544.0_x64__qbz5n2kfra8p0\Lib\importlib\__init__.py:126: in import_module
    return _bootstrap._gcd_import(name[level:], package, level)
<frozen importlib._bootstrap>:1204: in _gcd_import
    ???
<frozen importlib._bootstrap>:1176: in _find_and_load
    ???
<frozen importlib._bootstrap>:1147: in _find_and_load_unlocked
    ???
<frozen importlib._bootstrap>:690: in _load_unlocked
    ???
..\..\AppData\Local\Packages\PythonSoftwareFoundation.Python.3.11_qbz5n2kfra8p0\LocalCache\local-packages\Python311\site-packages\_pytest\assertion\rewrite.py:185: in exec_module
    exec(co, module.__dict__)
tests\performance\unit\test_perf_utils.py:6: in <module>
    from src.cubo.evaluation.perf_utils import sample_latency, sample_memory
E   ModuleNotFoundError: No module named 'src.cubo.evaluation.perf_utils'
============================== warnings summary ===============================
tests\performance\conftest.py:6
  C:\Users\paolo\Desktop\cubo\tests\performance\conftest.py:6: PytestRemovedIn9Warning: The (path: py.path.local) argument is deprecated, please use (collection_path: pathlib.Path)
  see https://docs.pytest.org/en/latest/deprecations.html#py-path-local-arguments-for-hooks-replaced-with-pathlib-path
    def pytest_ignore_collect(path, config) -> Optional[bool]:

..\..\AppData\Local\Packages\PythonSoftwareFoundation.Python.3.11_qbz5n2kfra8p0\LocalCache\local-packages\Python311\site-packages\PyPDF2\__init__.py:21
  C:\Users\paolo\AppData\Local\Packages\PythonSoftwareFoundation.Python.3.11_qbz5n2kfra8p0\LocalCache\local-packages\Python311\site-packages\PyPDF2\__init__.py:21: DeprecationWarning: PyPDF2 is deprecated. Please move to the pypdf library instead.
    warnings.warn(

..\..\AppData\Local\Packages\PythonSoftwareFoundation.Python.3.11_qbz5n2kfra8p0\LocalCache\local-packages\Python311\site-packages\faiss\loader.py:28
  C:\Users\paolo\AppData\Local\Packages\PythonSoftwareFoundation.Python.3.11_qbz5n2kfra8p0\LocalCache\local-packages\Python311\site-packages\faiss\loader.py:28: DeprecationWarning: distutils Version classes are deprecated. Use packaging.version instead.
    if LooseVersion(numpy.__version__) >= "1.19":

..\..\..\..\Program Files\WindowsApps\PythonSoftwareFoundation.Python.3.11_3.11.2544.0_x64__qbz5n2kfra8p0\Lib\site-packages\setuptools\_distutils\version.py:346
  C:\Program Files\WindowsApps\PythonSoftwareFoundation.Python.3.11_3.11.2544.0_x64__qbz5n2kfra8p0\Lib\site-packages\setuptools\_distutils\version.py:346: DeprecationWarning: distutils Version classes are deprecated. Use packaging.version instead.
    other = LooseVersion(other)

-- Docs: https://docs.pytest.org/en/stable/how-to/capture-warnings.html
=========================== short test summary info ===========================
ERROR tests/performance/test_ir_metrics.py
ERROR tests/performance/test_perf_utils.py
ERROR tests/performance/unit/test_ir_metrics.py
ERROR tests/performance/unit/test_perf_utils.py
!!!!!!!!!!!!!!!!!!! Interrupted: 4 errors during collection !!!!!!!!!!!!!!!!!!!
================== 1 skipped, 4 warnings, 4 errors in 13.63s ==================
