============================= test session starts =============================
platform win32 -- Python 3.11.9, pytest-8.3.5, pluggy-1.6.0 -- C:\Users\paolo\AppData\Local\Microsoft\WindowsApps\PythonSoftwareFoundation.Python.3.11_qbz5n2kfra8p0\python.exe
cachedir: .pytest_cache
rootdir: C:\Users\paolo\Desktop\cubo
configfile: pytest.ini
plugins: anyio-4.10.0, langsmith-0.3.45, asyncio-1.2.0, cov-7.0.0, mock-3.14.1
asyncio: mode=Mode.AUTO, debug=False, asyncio_default_fixture_loop_scope=function, asyncio_default_test_loop_scope=function
2025-11-28 17:02:46.219592: I tensorflow/core/util/port.cc:153] oneDNN custom operations are on. You may see slightly different numerical results due to floating-point round-off errors from different computation orders. To turn them off, set the environment variable `TF_ENABLE_ONEDNN_OPTS=0`.
2025-11-28 17:02:46.919560: I tensorflow/core/util/port.cc:153] oneDNN custom operations are on. You may see slightly different numerical results due to floating-point round-off errors from different computation orders. To turn them off, set the environment variable `TF_ENABLE_ONEDNN_OPTS=0`.
collecting ... collected 451 items / 8 errors / 1 skipped

=================================== ERRORS ====================================
_________ ERROR collecting tests/evaluation/test_ragas_integration.py _________
ImportError while importing test module 'C:\Users\paolo\Desktop\cubo\tests\evaluation\test_ragas_integration.py'.
Hint: make sure your test modules/packages have valid Python names.
Traceback:
..\..\AppData\Local\Packages\PythonSoftwareFoundation.Python.3.11_qbz5n2kfra8p0\LocalCache\local-packages\Python311\site-packages\_pytest\python.py:493: in importtestmodule
    mod = import_path(
..\..\AppData\Local\Packages\PythonSoftwareFoundation.Python.3.11_qbz5n2kfra8p0\LocalCache\local-packages\Python311\site-packages\_pytest\pathlib.py:587: in import_path
    importlib.import_module(module_name)
C:\Program Files\WindowsApps\PythonSoftwareFoundation.Python.3.11_3.11.2544.0_x64__qbz5n2kfra8p0\Lib\importlib\__init__.py:126: in import_module
    return _bootstrap._gcd_import(name[level:], package, level)
<frozen importlib._bootstrap>:1204: in _gcd_import
    ???
<frozen importlib._bootstrap>:1176: in _find_and_load
    ???
<frozen importlib._bootstrap>:1147: in _find_and_load_unlocked
    ???
<frozen importlib._bootstrap>:690: in _load_unlocked
    ???
..\..\AppData\Local\Packages\PythonSoftwareFoundation.Python.3.11_qbz5n2kfra8p0\LocalCache\local-packages\Python311\site-packages\_pytest\assertion\rewrite.py:185: in exec_module
    exec(co, module.__dict__)
tests\evaluation\test_ragas_integration.py:27: in <module>
    from run_rag_tests import RAGTester
E   ModuleNotFoundError: No module named 'run_rag_tests'
____ ERROR collecting tests/performance/retrieval/test_benchmark_runner.py ____
ImportError while importing test module 'C:\Users\paolo\Desktop\cubo\tests\performance\retrieval\test_benchmark_runner.py'.
Hint: make sure your test modules/packages have valid Python names.
Traceback:
..\..\AppData\Local\Packages\PythonSoftwareFoundation.Python.3.11_qbz5n2kfra8p0\LocalCache\local-packages\Python311\site-packages\_pytest\python.py:493: in importtestmodule
    mod = import_path(
..\..\AppData\Local\Packages\PythonSoftwareFoundation.Python.3.11_qbz5n2kfra8p0\LocalCache\local-packages\Python311\site-packages\_pytest\pathlib.py:587: in import_path
    importlib.import_module(module_name)
C:\Program Files\WindowsApps\PythonSoftwareFoundation.Python.3.11_3.11.2544.0_x64__qbz5n2kfra8p0\Lib\importlib\__init__.py:126: in import_module
    return _bootstrap._gcd_import(name[level:], package, level)
<frozen importlib._bootstrap>:1204: in _gcd_import
    ???
<frozen importlib._bootstrap>:1176: in _find_and_load
    ???
<frozen importlib._bootstrap>:1147: in _find_and_load_unlocked
    ???
<frozen importlib._bootstrap>:690: in _load_unlocked
    ???
..\..\AppData\Local\Packages\PythonSoftwareFoundation.Python.3.11_qbz5n2kfra8p0\LocalCache\local-packages\Python311\site-packages\_pytest\assertion\rewrite.py:185: in exec_module
    exec(co, module.__dict__)
tests\performance\retrieval\test_benchmark_runner.py:8: in <module>
    from scripts.benchmark_runner import BenchmarkRunner
E   ModuleNotFoundError: No module named 'scripts.benchmark_runner'
______ ERROR collecting tests/performance/smoke/test_smoke_thresholds.py ______
ImportError while importing test module 'C:\Users\paolo\Desktop\cubo\tests\performance\smoke\test_smoke_thresholds.py'.
Hint: make sure your test modules/packages have valid Python names.
Traceback:
..\..\AppData\Local\Packages\PythonSoftwareFoundation.Python.3.11_qbz5n2kfra8p0\LocalCache\local-packages\Python311\site-packages\_pytest\python.py:493: in importtestmodule
    mod = import_path(
..\..\AppData\Local\Packages\PythonSoftwareFoundation.Python.3.11_qbz5n2kfra8p0\LocalCache\local-packages\Python311\site-packages\_pytest\pathlib.py:587: in import_path
    importlib.import_module(module_name)
C:\Program Files\WindowsApps\PythonSoftwareFoundation.Python.3.11_3.11.2544.0_x64__qbz5n2kfra8p0\Lib\importlib\__init__.py:126: in import_module
    return _bootstrap._gcd_import(name[level:], package, level)
<frozen importlib._bootstrap>:1204: in _gcd_import
    ???
<frozen importlib._bootstrap>:1176: in _find_and_load
    ???
<frozen importlib._bootstrap>:1147: in _find_and_load_unlocked
    ???
<frozen importlib._bootstrap>:690: in _load_unlocked
    ???
..\..\AppData\Local\Packages\PythonSoftwareFoundation.Python.3.11_qbz5n2kfra8p0\LocalCache\local-packages\Python311\site-packages\_pytest\assertion\rewrite.py:185: in exec_module
    exec(co, module.__dict__)
tests\performance\smoke\test_smoke_thresholds.py:5: in <module>
    from scripts.run_rag_tests import RAGTester
E   ModuleNotFoundError: No module named 'scripts.run_rag_tests'
_________ ERROR collecting tests/performance/test_benchmark_runner.py _________
ImportError while importing test module 'C:\Users\paolo\Desktop\cubo\tests\performance\test_benchmark_runner.py'.
Hint: make sure your test modules/packages have valid Python names.
Traceback:
..\..\AppData\Local\Packages\PythonSoftwareFoundation.Python.3.11_qbz5n2kfra8p0\LocalCache\local-packages\Python311\site-packages\_pytest\python.py:493: in importtestmodule
    mod = import_path(
..\..\AppData\Local\Packages\PythonSoftwareFoundation.Python.3.11_qbz5n2kfra8p0\LocalCache\local-packages\Python311\site-packages\_pytest\pathlib.py:587: in import_path
    importlib.import_module(module_name)
C:\Program Files\WindowsApps\PythonSoftwareFoundation.Python.3.11_3.11.2544.0_x64__qbz5n2kfra8p0\Lib\importlib\__init__.py:126: in import_module
    return _bootstrap._gcd_import(name[level:], package, level)
<frozen importlib._bootstrap>:1204: in _gcd_import
    ???
<frozen importlib._bootstrap>:1176: in _find_and_load
    ???
<frozen importlib._bootstrap>:1147: in _find_and_load_unlocked
    ???
<frozen importlib._bootstrap>:690: in _load_unlocked
    ???
..\..\AppData\Local\Packages\PythonSoftwareFoundation.Python.3.11_qbz5n2kfra8p0\LocalCache\local-packages\Python311\site-packages\_pytest\assertion\rewrite.py:185: in exec_module
    exec(co, module.__dict__)
tests\performance\test_benchmark_runner.py:8: in <module>
    from scripts.benchmark_runner import BenchmarkRunner
E   ModuleNotFoundError: No module named 'scripts.benchmark_runner'
__________ ERROR collecting tests/performance/test_runner_retries.py __________
ImportError while importing test module 'C:\Users\paolo\Desktop\cubo\tests\performance\test_runner_retries.py'.
Hint: make sure your test modules/packages have valid Python names.
Traceback:
..\..\AppData\Local\Packages\PythonSoftwareFoundation.Python.3.11_qbz5n2kfra8p0\LocalCache\local-packages\Python311\site-packages\_pytest\python.py:493: in importtestmodule
    mod = import_path(
..\..\AppData\Local\Packages\PythonSoftwareFoundation.Python.3.11_qbz5n2kfra8p0\LocalCache\local-packages\Python311\site-packages\_pytest\pathlib.py:587: in import_path
    importlib.import_module(module_name)
C:\Program Files\WindowsApps\PythonSoftwareFoundation.Python.3.11_3.11.2544.0_x64__qbz5n2kfra8p0\Lib\importlib\__init__.py:126: in import_module
    return _bootstrap._gcd_import(name[level:], package, level)
<frozen importlib._bootstrap>:1204: in _gcd_import
    ???
<frozen importlib._bootstrap>:1176: in _find_and_load
    ???
<frozen importlib._bootstrap>:1147: in _find_and_load_unlocked
    ???
<frozen importlib._bootstrap>:690: in _load_unlocked
    ???
..\..\AppData\Local\Packages\PythonSoftwareFoundation.Python.3.11_qbz5n2kfra8p0\LocalCache\local-packages\Python311\site-packages\_pytest\assertion\rewrite.py:185: in exec_module
    exec(co, module.__dict__)
tests\performance\test_runner_retries.py:5: in <module>
    from scripts.benchmark_runner import BenchmarkRunner
E   ModuleNotFoundError: No module named 'scripts.benchmark_runner'
_ ERROR collecting tests/performance/unit/test_benchmark_runner_forward_flags.py _
ImportError while importing test module 'C:\Users\paolo\Desktop\cubo\tests\performance\unit\test_benchmark_runner_forward_flags.py'.
Hint: make sure your test modules/packages have valid Python names.
Traceback:
..\..\AppData\Local\Packages\PythonSoftwareFoundation.Python.3.11_qbz5n2kfra8p0\LocalCache\local-packages\Python311\site-packages\_pytest\python.py:493: in importtestmodule
    mod = import_path(
..\..\AppData\Local\Packages\PythonSoftwareFoundation.Python.3.11_qbz5n2kfra8p0\LocalCache\local-packages\Python311\site-packages\_pytest\pathlib.py:587: in import_path
    importlib.import_module(module_name)
C:\Program Files\WindowsApps\PythonSoftwareFoundation.Python.3.11_3.11.2544.0_x64__qbz5n2kfra8p0\Lib\importlib\__init__.py:126: in import_module
    return _bootstrap._gcd_import(name[level:], package, level)
<frozen importlib._bootstrap>:1204: in _gcd_import
    ???
<frozen importlib._bootstrap>:1176: in _find_and_load
    ???
<frozen importlib._bootstrap>:1147: in _find_and_load_unlocked
    ???
<frozen importlib._bootstrap>:690: in _load_unlocked
    ???
..\..\AppData\Local\Packages\PythonSoftwareFoundation.Python.3.11_qbz5n2kfra8p0\LocalCache\local-packages\Python311\site-packages\_pytest\assertion\rewrite.py:185: in exec_module
    exec(co, module.__dict__)
tests\performance\unit\test_benchmark_runner_forward_flags.py:5: in <module>
    from scripts.benchmark_runner import BenchmarkRunner
E   ModuleNotFoundError: No module named 'scripts.benchmark_runner'
_ ERROR collecting tests/performance/unit/test_benchmark_runner_skip_existing.py _
ImportError while importing test module 'C:\Users\paolo\Desktop\cubo\tests\performance\unit\test_benchmark_runner_skip_existing.py'.
Hint: make sure your test modules/packages have valid Python names.
Traceback:
..\..\AppData\Local\Packages\PythonSoftwareFoundation.Python.3.11_qbz5n2kfra8p0\LocalCache\local-packages\Python311\site-packages\_pytest\python.py:493: in importtestmodule
    mod = import_path(
..\..\AppData\Local\Packages\PythonSoftwareFoundation.Python.3.11_qbz5n2kfra8p0\LocalCache\local-packages\Python311\site-packages\_pytest\pathlib.py:587: in import_path
    importlib.import_module(module_name)
C:\Program Files\WindowsApps\PythonSoftwareFoundation.Python.3.11_3.11.2544.0_x64__qbz5n2kfra8p0\Lib\importlib\__init__.py:126: in import_module
    return _bootstrap._gcd_import(name[level:], package, level)
<frozen importlib._bootstrap>:1204: in _gcd_import
    ???
<frozen importlib._bootstrap>:1176: in _find_and_load
    ???
<frozen importlib._bootstrap>:1147: in _find_and_load_unlocked
    ???
<frozen importlib._bootstrap>:690: in _load_unlocked
    ???
..\..\AppData\Local\Packages\PythonSoftwareFoundation.Python.3.11_qbz5n2kfra8p0\LocalCache\local-packages\Python311\site-packages\_pytest\assertion\rewrite.py:185: in exec_module
    exec(co, module.__dict__)
tests\performance\unit\test_benchmark_runner_skip_existing.py:4: in <module>
    from scripts import benchmark_runner as br
E   ImportError: cannot import name 'benchmark_runner' from 'scripts' (unknown location)
_______ ERROR collecting tests/performance/unit/test_runner_retries.py ________
ImportError while importing test module 'C:\Users\paolo\Desktop\cubo\tests\performance\unit\test_runner_retries.py'.
Hint: make sure your test modules/packages have valid Python names.
Traceback:
..\..\AppData\Local\Packages\PythonSoftwareFoundation.Python.3.11_qbz5n2kfra8p0\LocalCache\local-packages\Python311\site-packages\_pytest\python.py:493: in importtestmodule
    mod = import_path(
..\..\AppData\Local\Packages\PythonSoftwareFoundation.Python.3.11_qbz5n2kfra8p0\LocalCache\local-packages\Python311\site-packages\_pytest\pathlib.py:587: in import_path
    importlib.import_module(module_name)
C:\Program Files\WindowsApps\PythonSoftwareFoundation.Python.3.11_3.11.2544.0_x64__qbz5n2kfra8p0\Lib\importlib\__init__.py:126: in import_module
    return _bootstrap._gcd_import(name[level:], package, level)
<frozen importlib._bootstrap>:1204: in _gcd_import
    ???
<frozen importlib._bootstrap>:1176: in _find_and_load
    ???
<frozen importlib._bootstrap>:1147: in _find_and_load_unlocked
    ???
<frozen importlib._bootstrap>:690: in _load_unlocked
    ???
..\..\AppData\Local\Packages\PythonSoftwareFoundation.Python.3.11_qbz5n2kfra8p0\LocalCache\local-packages\Python311\site-packages\_pytest\assertion\rewrite.py:185: in exec_module
    exec(co, module.__dict__)
tests\performance\unit\test_runner_retries.py:5: in <module>
    from scripts.benchmark_runner import BenchmarkRunner
E   ModuleNotFoundError: No module named 'scripts.benchmark_runner'
============================== warnings summary ===============================
..\..\AppData\Local\Packages\PythonSoftwareFoundation.Python.3.11_qbz5n2kfra8p0\LocalCache\local-packages\Python311\site-packages\PyPDF2\__init__.py:21
  C:\Users\paolo\AppData\Local\Packages\PythonSoftwareFoundation.Python.3.11_qbz5n2kfra8p0\LocalCache\local-packages\Python311\site-packages\PyPDF2\__init__.py:21: DeprecationWarning: PyPDF2 is deprecated. Please move to the pypdf library instead.
    warnings.warn(

..\..\AppData\Local\Packages\PythonSoftwareFoundation.Python.3.11_qbz5n2kfra8p0\LocalCache\local-packages\Python311\site-packages\faiss\loader.py:28
  C:\Users\paolo\AppData\Local\Packages\PythonSoftwareFoundation.Python.3.11_qbz5n2kfra8p0\LocalCache\local-packages\Python311\site-packages\faiss\loader.py:28: DeprecationWarning: distutils Version classes are deprecated. Use packaging.version instead.
    if LooseVersion(numpy.__version__) >= "1.19":

..\..\..\..\Program Files\WindowsApps\PythonSoftwareFoundation.Python.3.11_3.11.2544.0_x64__qbz5n2kfra8p0\Lib\site-packages\setuptools\_distutils\version.py:346
  C:\Program Files\WindowsApps\PythonSoftwareFoundation.Python.3.11_3.11.2544.0_x64__qbz5n2kfra8p0\Lib\site-packages\setuptools\_distutils\version.py:346: DeprecationWarning: distutils Version classes are deprecated. Use packaging.version instead.
    other = LooseVersion(other)

tests\performance\conftest.py:6
  C:\Users\paolo\Desktop\cubo\tests\performance\conftest.py:6: PytestRemovedIn9Warning: The (path: py.path.local) argument is deprecated, please use (collection_path: pathlib.Path)
  see https://docs.pytest.org/en/latest/deprecations.html#py-path-local-arguments-for-hooks-replaced-with-pathlib-path
    def pytest_ignore_collect(path, config) -> Optional[bool]:

-- Docs: https://docs.pytest.org/en/stable/how-to/capture-warnings.html
=========================== short test summary info ===========================
ERROR tests/evaluation/test_ragas_integration.py
ERROR tests/performance/retrieval/test_benchmark_runner.py
ERROR tests/performance/smoke/test_smoke_thresholds.py
ERROR tests/performance/test_benchmark_runner.py
ERROR tests/performance/test_runner_retries.py
ERROR tests/performance/unit/test_benchmark_runner_forward_flags.py
ERROR tests/performance/unit/test_benchmark_runner_skip_existing.py
ERROR tests/performance/unit/test_runner_retries.py
!!!!!!!!!!!!!!!!!!! Interrupted: 8 errors during collection !!!!!!!!!!!!!!!!!!!
================== 1 skipped, 4 warnings, 8 errors in 12.38s ==================
